
*************** JDFTx 1.4.2  ***************

Start date and time: Sat Apr  6 17:47:57 2019
Executable jdftx with command-line: -i Neutral.in
Running on hosts (process indices):  Juans-MacBook-Pro.local (0)
Divided in process groups (process indices):  0 (0)
Resource initialization completed at t[s]:      0.00
Run totals: 1 processes, 12 threads, 0 GPUs


Input parsed successfully to the following command list (including defaults):

basis kpoint-dependent
coords-type Lattice
core-overlap-check vector
coulomb-interaction Slab 001
coulomb-truncation-embed 0 0 0
coulomb-truncation-ion-margin 1
davidson-band-ratio 1.1
dump End State ElecDensity Ecomponents BoundCharge
dump-name common.$VAR
elec-cutoff 20 100
elec-eigen-algo Davidson
elec-ex-corr gga-PBEsol
elec-smearing Fermi 0.01
electronic-minimize  \
	dirUpdateScheme      FletcherReeves \
	linminMethod         DirUpdateRecommended \
	nIterations          100 \
	history              15 \
	knormThreshold       0 \
	energyDiffThreshold  1e-08 \
	nEnergyDiff          2 \
	alphaTstart          1 \
	alphaTmin            1e-10 \
	updateTestStepSize   yes \
	alphaTreduceFactor   0.1 \
	alphaTincreaseFactor 3 \
	nAlphaAdjustMax      3 \
	wolfeEnergy          0.0001 \
	wolfeGradient        0.9 \
	fdTest               no
electronic-scf  \
	nIterations	50 \
	energyDiffThreshold	1e-08 \
	residualThreshold	1e-07 \
	mixFraction	0.5 \
	qMetric	0.8 \
	history	10 \
	nEigSteps	2 \
	eigDiffThreshold	1e-08 \
	mixedVariable	Density \
	qKerker	0.8 \
	qKappa	-1 \
	verbose	no \
	mixFractionMag	1.5
exchange-regularization WignerSeitzTruncated
fluid LinearPCM 298.000000 1.013250
fluid-anion ClO4- 1 MeanFieldLJ \
	epsBulk 1 \
	pMol 0 \
	epsInf 1 \
	Pvap 0 \
	sigmaBulk 0 \
	Rvdw 4.55424 \
	Res 0
fluid-cation K+ 1 MeanFieldLJ \
	epsBulk 1 \
	pMol 0 \
	epsInf 1 \
	Pvap 0 \
	sigmaBulk 0 \
	Rvdw 2.85349 \
	Res 0
fluid-ex-corr lda-TF lda-PZ
fluid-gummel-loop 10 1.000000e-05
fluid-minimize  \
	dirUpdateScheme      PolakRibiere \
	linminMethod         DirUpdateRecommended \
	nIterations          400 \
	history              15 \
	knormThreshold       1e-11 \
	energyDiffThreshold  0 \
	nEnergyDiff          2 \
	alphaTstart          1 \
	alphaTmin            1e-10 \
	updateTestStepSize   yes \
	alphaTreduceFactor   0.1 \
	alphaTincreaseFactor 3 \
	nAlphaAdjustMax      6 \
	wolfeEnergy          0.0001 \
	wolfeGradient        0.9 \
	fdTest               no
fluid-solvent H2O 55.338 ScalarEOS \
	epsBulk 78.4 \
	pMol 0.92466 \
	epsInf 1.77 \
	Pvap 1.06736e-10 \
	sigmaBulk 4.62e-05 \
	Rvdw 2.61727 \
	Res 1.42
forces-output-coords Positions
initial-state common.$VAR
ion O   0.740000000000000   0.480000000000000   0.422000000000000 1
ion O   0.401000000000000   0.720000000000000   0.422000000000000 1
ion C   0.500000000000000   0.500000000000000   0.397000000000000 1
ion H   0.393000000000000   0.348000000000000   0.416000000000000 1
ion H   0.801000000000000   0.327000000000000   0.404000000000000 1
ion H   0.236000000000000   0.726000000000000   0.404000000000000 1
ion Pt   0.000000000000000   0.000000000000000  -0.200000000000000 1
ion Pt   0.500000000000000   0.500000000000000  -0.200000000000000 1
ion Pt   0.000000000000000   0.500000000000000  -0.200000000000000 1
ion Pt   0.500000000000000   0.000000000000000  -0.200000000000000 1
ion Pt   0.750000000000000   0.250000000000000  -0.100000000000000 1
ion Pt   0.250000000000000   0.750000000000000  -0.100000000000000 1
ion Pt   0.250000000000000   0.250000000000000  -0.100000000000000 1
ion Pt   0.750000000000000   0.750000000000000  -0.100000000000000 1
ion Pt   0.500000000000000   0.000000000000000   0.000000000000000 1
ion Pt   0.000000000000000   0.000000000000000   0.000000000000000 1
ion Pt   0.000000000000000   0.500000000000000   0.000000000000000 1
ion Pt   0.500000000000000   0.500000000000000   0.000000000000000 1
ion Pt   0.750000000000000   0.250000000000000   0.100000000000000 1
ion Pt   0.250000000000000   0.750000000000000   0.100000000000000 1
ion Pt   0.250000000000000   0.250000000000000   0.100000000000000 1
ion Pt   0.750000000000000   0.750000000000000   0.100000000000000 1
ion Pt   0.000000000000000   0.000000000000000   0.200000000000000 1
ion Pt   0.000000000000000   0.500000000000000   0.200000000000000 1
ion Pt   0.500000000000000   0.000000000000000   0.200000000000000 1
ion Pt   0.500000000000000   0.500000000000000   0.200000000000000 1
ion-species GBRV/$ID_pbesol.uspp
ion-width Ecut
ionic-minimize  \
	dirUpdateScheme      L-BFGS \
	linminMethod         DirUpdateRecommended \
	nIterations          0 \
	history              15 \
	knormThreshold       0.0001 \
	energyDiffThreshold  1e-06 \
	nEnergyDiff          2 \
	alphaTstart          1 \
	alphaTmin            1e-10 \
	updateTestStepSize   yes \
	alphaTreduceFactor   0.1 \
	alphaTincreaseFactor 3 \
	nAlphaAdjustMax      3 \
	wolfeEnergy          0.0001 \
	wolfeGradient        0.9 \
	fdTest               no
kpoint   0.000000000000   0.000000000000   0.000000000000  1.00000000000000
kpoint-folding 12 12 1 
latt-move-scale 1 1 1
latt-scale 1 1 1 
lattice Tetragonal 10.4793 37.05
lattice-minimize  \
	dirUpdateScheme      L-BFGS \
	linminMethod         DirUpdateRecommended \
	nIterations          0 \
	history              15 \
	knormThreshold       0 \
	energyDiffThreshold  1e-06 \
	nEnergyDiff          2 \
	alphaTstart          1 \
	alphaTmin            1e-10 \
	updateTestStepSize   yes \
	alphaTreduceFactor   0.1 \
	alphaTincreaseFactor 3 \
	nAlphaAdjustMax      3 \
	wolfeEnergy          0.0001 \
	wolfeGradient        0.9 \
	fdTest               no
lcao-params -1 1e-06 0.01
pcm-variant CANDLE
spintype no-spin
subspace-rotation-factor 1 yes
symmetries automatic
symmetry-threshold 0.0001



---------- Setting up symmetries ----------

Found 16 point-group symmetries of the bravais lattice
Found 1 space-group symmetries with basis
Applied RMS atom displacement 0 bohrs to make symmetries exact.

---------- Initializing the Grid ----------
R = 
[    10.4793          0          0  ]
[          0    10.4793          0  ]
[          0          0      37.05  ]
unit cell volume = 4068.67
G =
[   0.599581          0          0  ]
[          0   0.599581          0  ]
[          0          0   0.169587  ]
Minimum fftbox size, Smin = [  48  48  168  ]
Chosen fftbox size, S = [  48  48  168  ]

---------- Initializing tighter grid for wavefunction operations ----------
R = 
[    10.4793          0          0  ]
[          0    10.4793          0  ]
[          0          0      37.05  ]
unit cell volume = 4068.67
G =
[   0.599581          0          0  ]
[          0   0.599581          0  ]
[          0          0   0.169587  ]
Minimum fftbox size, Smin = [  44  44  152  ]
Chosen fftbox size, S = [  48  48  160  ]

---------- Exchange Correlation functional ----------
Initalized PBEsol GGA exchange.
Initalized PBEsol GGA correlation.

---------- Setting up pseudopotentials ----------
Width of ionic core gaussian charges (only for fluid interactions / plotting) set to 0.397384

Reading pseudopotential file '/Users/juanmendezvalderrama/Documents/JDFTX/build/pseudopotentials/GBRV/o_pbesol.uspp':
  Title: O.  Created by USPP 7.3.6 on 3-2-2014
  Reference state energy: -15.849885.  6 valence electrons in orbitals:
    |200>  occupation: 2  eigenvalue: -0.873214
    |210>  occupation: 4  eigenvalue: -0.330058
  lMax: 2  lLocal: 2  QijEcut: 6
  5 projectors sampled on a log grid with 511 points:
    l: 0  eig: -0.873214  rCut: 1.25
    l: 0  eig: 0.000000  rCut: 1.25
    l: 1  eig: -0.330058  rCut: 1.25
    l: 1  eig: 0.000000  rCut: 1.25
    l: 2  eig: 1.000000  rCut: 1.25
  Partial core density with radius 0.7
  Transforming core density to a uniform radial grid of dG=0.02 with 1248 points.
  Transforming local potential to a uniform radial grid of dG=0.02 with 1248 points.
  Transforming nonlocal projectors to a uniform radial grid of dG=0.02 with 432 points.
  Transforming density augmentations to a uniform radial grid of dG=0.02 with 1248 points.
  Transforming atomic orbitals to a uniform radial grid of dG=0.02 with 432 points.
  Core radius for overlap checks: 1.25 bohrs.

Reading pseudopotential file '/Users/juanmendezvalderrama/Documents/JDFTX/build/pseudopotentials/GBRV/c_pbesol.uspp':
  Title: C.  Created by USPP 7.3.6 on 3-2-2014
  Reference state energy: -5.383511.  4 valence electrons in orbitals:
    |200>  occupation: 2  eigenvalue: -0.501126
    |210>  occupation: 2  eigenvalue: -0.192448
  lMax: 1  lLocal: 2  QijEcut: 5
  4 projectors sampled on a log grid with 503 points:
    l: 0  eig: -0.501126  rCut: 1.3
    l: 0  eig: 0.000000  rCut: 1.3
    l: 1  eig: -0.192448  rCut: 1.3
    l: 1  eig: 0.000000  rCut: 1.3
  Partial core density with radius 1.1
  Transforming core density to a uniform radial grid of dG=0.02 with 1248 points.
  Transforming local potential to a uniform radial grid of dG=0.02 with 1248 points.
  Transforming nonlocal projectors to a uniform radial grid of dG=0.02 with 432 points.
  Transforming density augmentations to a uniform radial grid of dG=0.02 with 1248 points.
  Transforming atomic orbitals to a uniform radial grid of dG=0.02 with 432 points.
  Core radius for overlap checks: 1.30 bohrs.

Reading pseudopotential file '/Users/juanmendezvalderrama/Documents/JDFTX/build/pseudopotentials/GBRV/h_pbesol.uspp':
  Title: H.  Created by USPP 7.3.6 on 22-9-15
  Reference state energy: -0.449841.  1 valence electrons in orbitals:
    |100>  occupation: 1  eigenvalue: -0.232690
  lMax: 0  lLocal: 1  QijEcut: 6
  2 projectors sampled on a log grid with 395 points:
    l: 0  eig: -0.232690  rCut: 1.2
    l: 0  eig: 1.000000  rCut: 1.2
  Transforming local potential to a uniform radial grid of dG=0.02 with 1248 points.
  Transforming nonlocal projectors to a uniform radial grid of dG=0.02 with 432 points.
  Transforming density augmentations to a uniform radial grid of dG=0.02 with 1248 points.
  Transforming atomic orbitals to a uniform radial grid of dG=0.02 with 432 points.
  Core radius for overlap checks: 1.20 bohrs.

Reading pseudopotential file '/Users/juanmendezvalderrama/Documents/JDFTX/build/pseudopotentials/GBRV/pt_pbesol.uspp':
  Title: Pt.  Created by USPP 7.3.6 on 22-9-15
  Reference state energy: -104.899005.  16 valence electrons in orbitals:
    |510>  occupation: 6  eigenvalue: -2.158847
    |520>  occupation: 9.5  eigenvalue: -0.336311
    |600>  occupation: 0  eigenvalue: -0.320324
    |610>  occupation: 0  eigenvalue: -0.119800
  lMax: 2  lLocal: 3  QijEcut: 5.5
  6 projectors sampled on a log grid with 745 points:
    l: 0  eig: -0.320324  rCut: 2.45
    l: 0  eig: 1.500000  rCut: 2.45
    l: 1  eig: -2.158847  rCut: 1.6
    l: 1  eig: -0.119800  rCut: 1.6
    l: 2  eig: -0.500000  rCut: 1.6
    l: 2  eig: -0.336311  rCut: 1.6
  Partial core density with radius 1.1
  Transforming core density to a uniform radial grid of dG=0.02 with 1248 points.
  Transforming local potential to a uniform radial grid of dG=0.02 with 1248 points.
  Transforming nonlocal projectors to a uniform radial grid of dG=0.02 with 432 points.
  Transforming density augmentations to a uniform radial grid of dG=0.02 with 1248 points.
  Transforming atomic orbitals to a uniform radial grid of dG=0.02 with 432 points.
  Core radius for overlap checks: 2.45 bohrs.

Initialized 4 species with 26 total atoms.

Folded 1 k-points by 12x12x1 to 144 k-points.

---------- Setting up k-points, bands, fillings ----------
Adding inversion symmetry to k-mesh for non-inversion-symmetric unit cell.
Reduced to 74 k-points under symmetry. 
Computing the number of bands and number of electrons
Calculating initial fillings.
nElectrons: 339.000000   nBands: 255   nStates: 74

----- Setting up reduced wavefunction bases (one per k-point) -----
average nbasis = 17380.437 , ideal nbasis = 17381.680

---------- Setting up coulomb interaction ----------
Fluid mode embedding: using embedded box, but periodic Coulomb kernel.
(Fluid response is responsible for (approximate) separation between periodic images.)
Setting up double-sized grid for truncated Coulomb potentials:
R = 
[    10.4793          0          0  ]
[          0    10.4793          0  ]
[          0          0       74.1  ]
unit cell volume = 8137.35
G =
[   0.599581          0          0  ]
[          0   0.599581          0  ]
[          0          0  0.0847933  ]
Chosen fftbox size, S = [  48  48  336  ]
Integer grid location selected as the embedding center:
   Grid: [  0  0  0  ]
   Lattice: [  0  0  0  ]
   Cartesian: [  0  0  0  ]
Constructing Wigner-Seitz cell: 6 faces (6 quadrilaterals, 0 hexagons)
Range-separation parameter for embedded mesh potentials due to point charges: 0.26495 bohrs.

Initializing van der Waals corrections
	NOTE: vdW corrections apply only for interactions with fluid.
	 O:  C6:   12.14 Eh-a0^6  R0: 2.536 a0
	 C:  C6:   30.35 Eh-a0^6  R0: 2.744 a0
	 H:  C6:    2.43 Eh-a0^6  R0: 1.892 a0
	Pt:  C6:  815.23 Eh-a0^6  R0: 3.326 a0 (WARNING: beyond Grimme's data set)

---------- Setting up ewald sum ----------
Optimum gaussian width for ewald sums = 4.662034 bohr.
Real space sum over 845 unit cells with max indices [  6  6  2  ]
Reciprocal space sum over 6413 terms with max indices [  5  5  26  ]

---------- Allocating electronic variables ----------
